
  VITE v8.3.0  ready in 311 ms

  ➜  Local:   http://127.0.0.1:5174/
  ➜  press h + enter to show help
3:26:53 pm [vite] (client) hmr update /src/main.jsx
3:26:53 pm [vite] (client) hmr invalidate /src/main.jsx Could not Fast Refresh ("true" export is incompatible). Learn more at https://github.com/vitejs/vite-plugin-react/tree/main/packages/plugin-react#consistent-components-exports
3:26:53 pm [vite] (client) page reload src/main.jsx
3:27:04 pm [vite] (client) hmr update /src/app-polish.css
3:43:29 pm [vite] (client) hmr update /src/main.jsx
3:43:29 pm [vite] (client) hmr invalidate /src/main.jsx Could not Fast Refresh ("true" export is incompatible). Learn more at https://github.com/vitejs/vite-plugin-react/tree/main/packages/plugin-react#consistent-components-exports
3:43:29 pm [vite] (client) page reload src/main.jsx
3:43:46 pm [vite] (client) hmr update /src/artisan-tools.jsx
3:46:32 pm [vite] (client) hmr update /src/main.jsx
3:46:32 pm [vite] (client) hmr invalidate /src/main.jsx Could not Fast Refresh ("true" export is incompatible). Learn more at https://github.com/vitejs/vite-plugin-react/tree/main/packages/plugin-react#consistent-components-exports
3:46:32 pm [vite] (client) page reload src/main.jsx
3:47:53 pm [vite] (client) hmr update /src/artisan-tools.jsx
3:48:21 pm [vite] (client) hmr update /src/main.jsx
3:48:21 pm [vite] (client) hmr invalidate /src/main.jsx Could not Fast Refresh ("true" export is incompatible). Learn more at https://github.com/vitejs/vite-plugin-react/tree/main/packages/plugin-react#consistent-components-exports
3:48:21 pm [vite] (client) page reload src/main.jsx
3:52:33 pm [vite] (client) hmr update /src/main.jsx
3:52:33 pm [vite] (client) hmr invalidate /src/main.jsx Could not Fast Refresh ("true" export is incompatible). Learn more at https://github.com/vitejs/vite-plugin-react/tree/main/packages/plugin-react#consistent-components-exports
3:52:33 pm [vite] (client) page reload src/main.jsx
4:25:33 pm [vite] (client) hmr update /src/artisan-tools.jsx
4:26:10 pm [vite] (client) hmr update /src/artisan-pages.jsx
4:26:43 pm [vite] (client) hmr update /src/main.jsx
4:26:43 pm [vite] (client) hmr invalidate /src/main.jsx Could not Fast Refresh ("true" export is incompatible). Learn more at https://github.com/vitejs/vite-plugin-react/tree/main/packages/plugin-react#consistent-components-exports
4:26:43 pm [vite] (client) page reload src/main.jsx
4:27:36 pm [vite] (client) hmr update /src/artisan-tools.jsx
4:28:14 pm [vite] (client) hmr update /src/artisan-tools.jsx
4:28:46 pm [vite] (client) hmr update /src/app-polish.css
4:29:18 pm [vite] (client) hmr update /src/main.jsx
4:29:18 pm [vite] (client) hmr invalidate /src/main.jsx Could not Fast Refresh ("true" export is incompatible). Learn more at https://github.com/vitejs/vite-plugin-react/tree/main/packages/plugin-react#consistent-components-exports
4:29:18 pm [vite] (client) page reload src/main.jsx
4:30:02 pm [vite] (client) hmr update /src/main.jsx
4:30:02 pm [vite] (client) hmr invalidate /src/main.jsx Could not Fast Refresh ("true" export is incompatible). Learn more at https://github.com/vitejs/vite-plugin-react/tree/main/packages/plugin-react#consistent-components-exports
4:30:02 pm [vite] (client) page reload src/main.jsx
4:30:19 pm [vite] (client) hmr update /src/artisan-pages.jsx
4:30:49 pm [vite] (client) hmr update /src/artisan-pages.jsx
